------------------------------------------------------------
TimeQuest Timing Analyzer Summary
------------------------------------------------------------

Type  : Slow 1200mV 85C Model Setup 'cpuClk'
Slack : -17.461
TNS   : -1578.449

Type  : Slow 1200mV 85C Model Setup 'cpu1:main_processor|control:CONTROL_UNIT|present_state.state_2'
Slack : -4.740
TNS   : -50.325

Type  : Slow 1200mV 85C Model Setup 'cpu1:main_processor|control:CONTROL_UNIT|present_state.state_0'
Slack : -4.724
TNS   : -8.422

Type  : Slow 1200mV 85C Model Setup 'memClk'
Slack : -3.410
TNS   : -6.489

Type  : Slow 1200mV 85C Model Hold 'cpu1:main_processor|control:CONTROL_UNIT|present_state.state_2'
Slack : -4.057
TNS   : -21.056

Type  : Slow 1200mV 85C Model Hold 'cpu1:main_processor|control:CONTROL_UNIT|present_state.state_0'
Slack : -2.617
TNS   : -5.169

Type  : Slow 1200mV 85C Model Hold 'cpuClk'
Slack : -0.338
TNS   : -0.338

Type  : Slow 1200mV 85C Model Hold 'memClk'
Slack : 0.050
TNS   : 0.000

Type  : Slow 1200mV 85C Model Recovery 'cpuClk'
Slack : -3.026
TNS   : -204.666

Type  : Slow 1200mV 85C Model Removal 'cpuClk'
Slack : 1.036
TNS   : 0.000

Type  : Slow 1200mV 85C Model Minimum Pulse Width 'cpuClk'
Slack : -3.000
TNS   : -266.917

Type  : Slow 1200mV 85C Model Minimum Pulse Width 'memClk'
Slack : -3.000
TNS   : -16.342

Type  : Slow 1200mV 85C Model Minimum Pulse Width 'cpu1:main_processor|control:CONTROL_UNIT|present_state.state_2'
Slack : 0.395
TNS   : 0.000

Type  : Slow 1200mV 85C Model Minimum Pulse Width 'cpu1:main_processor|control:CONTROL_UNIT|present_state.state_0'
Slack : 0.411
TNS   : 0.000

Type  : Slow 1200mV 0C Model Setup 'cpuClk'
Slack : -16.029
TNS   : -1431.068

Type  : Slow 1200mV 0C Model Setup 'cpu1:main_processor|control:CONTROL_UNIT|present_state.state_2'
Slack : -4.348
TNS   : -46.828

Type  : Slow 1200mV 0C Model Setup 'cpu1:main_processor|control:CONTROL_UNIT|present_state.state_0'
Slack : -4.308
TNS   : -7.724

Type  : Slow 1200mV 0C Model Setup 'memClk'
Slack : -3.131
TNS   : -5.950

Type  : Slow 1200mV 0C Model Hold 'cpu1:main_processor|control:CONTROL_UNIT|present_state.state_2'
Slack : -3.599
TNS   : -18.032

Type  : Slow 1200mV 0C Model Hold 'cpu1:main_processor|control:CONTROL_UNIT|present_state.state_0'
Slack : -2.248
TNS   : -4.412

Type  : Slow 1200mV 0C Model Hold 'cpuClk'
Slack : -0.303
TNS   : -0.303

Type  : Slow 1200mV 0C Model Hold 'memClk'
Slack : 0.024
TNS   : 0.000

Type  : Slow 1200mV 0C Model Recovery 'cpuClk'
Slack : -2.604
TNS   : -172.224

Type  : Slow 1200mV 0C Model Removal 'cpuClk'
Slack : 0.961
TNS   : 0.000

Type  : Slow 1200mV 0C Model Minimum Pulse Width 'cpuClk'
Slack : -3.000
TNS   : -266.741

Type  : Slow 1200mV 0C Model Minimum Pulse Width 'memClk'
Slack : -3.000
TNS   : -16.166

Type  : Slow 1200mV 0C Model Minimum Pulse Width 'cpu1:main_processor|control:CONTROL_UNIT|present_state.state_2'
Slack : 0.264
TNS   : 0.000

Type  : Slow 1200mV 0C Model Minimum Pulse Width 'cpu1:main_processor|control:CONTROL_UNIT|present_state.state_0'
Slack : 0.426
TNS   : 0.000

Type  : Fast 1200mV 0C Model Setup 'cpuClk'
Slack : -8.433
TNS   : -708.942

Type  : Fast 1200mV 0C Model Setup 'cpu1:main_processor|control:CONTROL_UNIT|present_state.state_0'
Slack : -2.227
TNS   : -2.913

Type  : Fast 1200mV 0C Model Setup 'cpu1:main_processor|control:CONTROL_UNIT|present_state.state_2'
Slack : -2.093
TNS   : -19.260

Type  : Fast 1200mV 0C Model Setup 'memClk'
Slack : -1.188
TNS   : -2.201

Type  : Fast 1200mV 0C Model Hold 'cpu1:main_processor|control:CONTROL_UNIT|present_state.state_2'
Slack : -2.176
TNS   : -12.796

Type  : Fast 1200mV 0C Model Hold 'cpu1:main_processor|control:CONTROL_UNIT|present_state.state_0'
Slack : -1.594
TNS   : -3.178

Type  : Fast 1200mV 0C Model Hold 'cpuClk'
Slack : -0.361
TNS   : -0.708

Type  : Fast 1200mV 0C Model Hold 'memClk'
Slack : -0.279
TNS   : -0.508

Type  : Fast 1200mV 0C Model Recovery 'cpuClk'
Slack : -1.136
TNS   : -65.268

Type  : Fast 1200mV 0C Model Removal 'cpuClk'
Slack : 0.485
TNS   : 0.000

Type  : Fast 1200mV 0C Model Minimum Pulse Width 'cpuClk'
Slack : -3.000
TNS   : -218.068

Type  : Fast 1200mV 0C Model Minimum Pulse Width 'memClk'
Slack : -3.000
TNS   : -9.712

Type  : Fast 1200mV 0C Model Minimum Pulse Width 'cpu1:main_processor|control:CONTROL_UNIT|present_state.state_2'
Slack : 0.255
TNS   : 0.000

Type  : Fast 1200mV 0C Model Minimum Pulse Width 'cpu1:main_processor|control:CONTROL_UNIT|present_state.state_0'
Slack : 0.313
TNS   : 0.000

------------------------------------------------------------
